<?xml version="1.0" encoding="UTF-8"?>
<TestRun id="1f9b20e8-06e7-4115-b4ab-2976529a38ea" name="Administrator@SERVER 2010-06-10 11:24:43" runUser="SERVER\Administrator" xmlns="http://microsoft.com/schemas/VisualStudio/TeamTest/2006">
  <TestRunConfiguration name="本地测试运行" id="02a1add5-ee3f-4fb8-94b5-26a6ccdf6785">
    <Description>这是本地测试运行的默认测试运行配置。</Description>
    <Deployment runDeploymentRoot="C:\Documents and Settings\Administrator\My Documents\Visual Studio 2008\Projects\HCSMSSolution-trunk\TestResults\Administrator_SERVER 2010-06-10 11_24_43" enabled="false">
      <DeploymentItem filename="C:\Documents and Settings\Administrator\My Documents\Visual Studio 2008\Projects\HCSMSSolution-trunk\DataAccess\bin\Debug\HCSMS.DataAccess.dll" />
      <DeploymentItem filename="C:\Documents and Settings\Administrator\My Documents\Visual Studio 2008\Projects\HCSMSSolution-trunk\Service.Impl\bin\HCSMS.Service.Impl.dll" />
      <DeploymentItem filename="C:\Documents and Settings\Administrator\My Documents\Visual Studio 2008\Projects\HCSMSSolution-trunk\Model\bin\Debug\HCSMS.Model.dll" />
      <DeploymentItem filename="C:\Documents and Settings\Administrator\My Documents\Visual Studio 2008\Projects\HCSMSSolution-trunk\Service\bin\Debug\HCSMS.Service.dll" />
    </Deployment>
    <TestTypeSpecific />
  </TestRunConfiguration>
  <ResultSummary outcome="Completed">
    <Counters total="1" executed="1" passed="1" error="0" failed="0" timeout="0" aborted="0" inconclusive="0" passedButRunAborted="0" notRunnable="0" notExecuted="0" disconnected="0" warning="0" completed="0" inProgress="0" pending="0" />
  </ResultSummary>
  <Times creation="2010-06-10T11:24:43.6086145+08:00" queuing="2010-06-10T11:24:43.9190609+08:00" start="2010-06-10T11:24:44.1493921+08:00" finish="2010-06-10T11:24:44.9505441+08:00" />
  <TestDefinitions>
    <UnitTest name="ChangeItemTest" storage="c:\documents and settings\administrator\my documents\visual studio 2008\projects\hcsmssolution-trunk\service.impltestproject\bin\debug\service.impltestproject.dll" id="7d804b6b-2072-e7b0-ce01-126b24382ec5">
      <Css projectStructure="" iteration="" />
      <Owners>
        <Owner name="" />
      </Owners>
      <Execution id="6b125b2e-cdfa-403f-807d-2195c7104afc" />
      <TestMethod codeBase="C:\Documents and Settings\Administrator\My Documents\Visual Studio 2008\Projects\HCSMSSolution-trunk\Service.ImplTestProject\bin\Debug\Service.ImplTestProject.dll" adapterTypeName="Microsoft.VisualStudio.TestTools.TestTypes.Unit.UnitTestAdapter, Microsoft.VisualStudio.QualityTools.Tips.UnitTest.Adapter, Version=9.0.0.0, Culture=neutral, PublicKeyToken=b03f5f7f11d50a3a" className="Service.ImplTestProject.DinningServiceTest, Service.ImplTestProject" name="ChangeItemTest" />
    </UnitTest>
  </TestDefinitions>
  <TestLists>
    <TestList name="列表中未列出的结果" id="8c84fa94-04c1-424b-9868-57a2d4851a1d" />
    <TestList name="所有已加载的结果" id="19431567-8539-422a-85d7-44ee4e166bda" />
  </TestLists>
  <TestEntries>
    <TestEntry testId="7d804b6b-2072-e7b0-ce01-126b24382ec5" executionId="6b125b2e-cdfa-403f-807d-2195c7104afc" testListId="8c84fa94-04c1-424b-9868-57a2d4851a1d" />
  </TestEntries>
  <Results>
    <UnitTestResult executionId="6b125b2e-cdfa-403f-807d-2195c7104afc" testId="7d804b6b-2072-e7b0-ce01-126b24382ec5" testName="ChangeItemTest" computerName="SERVER" duration="00:00:00.1290376" startTime="2010-06-10T11:24:44.2094785+08:00" endTime="2010-06-10T11:24:44.7001841+08:00" testType="13cdc9d9-ddb5-4fa4-a97d-d965ccfc6d4b" outcome="Passed" testListId="8c84fa94-04c1-424b-9868-57a2d4851a1d">
      <Output>
      </Output>
    </UnitTestResult>
  </Results>
</TestRun>